[0.740s] Invoking command in '/home/sreshth/ros2_ws/src/final_proj': PYTHONPATH=/home/sreshth/ros2_ws/build/final_proj/prefix_override:/usr/lib/python3/dist-packages/colcon_core/task/python/colcon_distutils_commands:/home/sreshth/ros2_ws/install/final_proj/lib/python3.10/site-packages:${PYTHONPATH} /usr/bin/python3 -W ignore:setup.py install is deprecated -W ignore:easy_install command is deprecated setup.py egg_info --egg-base ../../build/final_proj build --build-base /home/sreshth/ros2_ws/build/final_proj/build install --record /home/sreshth/ros2_ws/build/final_proj/install.log --single-version-externally-managed install_data
[0.984s] running egg_info
[0.985s] writing ../../build/final_proj/final_proj.egg-info/PKG-INFO
[0.985s] writing dependency_links to ../../build/final_proj/final_proj.egg-info/dependency_links.txt
[0.986s] writing entry points to ../../build/final_proj/final_proj.egg-info/entry_points.txt
[0.986s] writing requirements to ../../build/final_proj/final_proj.egg-info/requires.txt
[0.986s] writing top-level names to ../../build/final_proj/final_proj.egg-info/top_level.txt
[0.988s] reading manifest file '../../build/final_proj/final_proj.egg-info/SOURCES.txt'
[0.989s] writing manifest file '../../build/final_proj/final_proj.egg-info/SOURCES.txt'
[0.989s] running build
[0.989s] running build_py
[0.990s] copying final_proj/nodes/orchestrator.py -> /home/sreshth/ros2_ws/build/final_proj/build/lib/final_proj/nodes
[0.993s] running install
[0.994s] running install_lib
[0.995s] copying /home/sreshth/ros2_ws/build/final_proj/build/lib/final_proj/nodes/orchestrator.py -> /home/sreshth/ros2_ws/install/final_proj/lib/python3.10/site-packages/final_proj/nodes
[0.996s] byte-compiling /home/sreshth/ros2_ws/install/final_proj/lib/python3.10/site-packages/final_proj/nodes/orchestrator.py to orchestrator.cpython-310.pyc
[0.998s] running install_data
[0.998s] running install_egg_info
[0.999s] removing '/home/sreshth/ros2_ws/install/final_proj/lib/python3.10/site-packages/final_proj-0.0.0-py3.10.egg-info' (and everything under it)
[1.000s] Copying ../../build/final_proj/final_proj.egg-info to /home/sreshth/ros2_ws/install/final_proj/lib/python3.10/site-packages/final_proj-0.0.0-py3.10.egg-info
[1.001s] running install_scripts
[1.025s] Installing nav_node script to /home/sreshth/ros2_ws/install/final_proj/lib/final_proj
[1.026s] Installing orchestrator script to /home/sreshth/ros2_ws/install/final_proj/lib/final_proj
[1.027s] writing list of installed files to '/home/sreshth/ros2_ws/build/final_proj/install.log'
[1.055s] Invoked command in '/home/sreshth/ros2_ws/src/final_proj' returned '0': PYTHONPATH=/home/sreshth/ros2_ws/build/final_proj/prefix_override:/usr/lib/python3/dist-packages/colcon_core/task/python/colcon_distutils_commands:/home/sreshth/ros2_ws/install/final_proj/lib/python3.10/site-packages:${PYTHONPATH} /usr/bin/python3 -W ignore:setup.py install is deprecated -W ignore:easy_install command is deprecated setup.py egg_info --egg-base ../../build/final_proj build --build-base /home/sreshth/ros2_ws/build/final_proj/build install --record /home/sreshth/ros2_ws/build/final_proj/install.log --single-version-externally-managed install_data
