[0.545s] Invoking command in '/home/sreshth/ros2_ws/src/final_proj': PYTHONPATH=/home/sreshth/ros2_ws/build/final_proj/prefix_override:/usr/lib/python3/dist-packages/colcon_core/task/python/colcon_distutils_commands:/home/sreshth/ros2_ws/install/final_proj/lib/python3.10/site-packages:${PYTHONPATH} /usr/bin/python3 -W ignore:setup.py install is deprecated -W ignore:easy_install command is deprecated setup.py egg_info --egg-base ../../build/final_proj build --build-base /home/sreshth/ros2_ws/build/final_proj/build install --record /home/sreshth/ros2_ws/build/final_proj/install.log --single-version-externally-managed install_data
[0.747s] running egg_info
[0.747s] writing ../../build/final_proj/final_proj.egg-info/PKG-INFO
[0.748s] writing dependency_links to ../../build/final_proj/final_proj.egg-info/dependency_links.txt
[0.748s] writing entry points to ../../build/final_proj/final_proj.egg-info/entry_points.txt
[0.748s] writing requirements to ../../build/final_proj/final_proj.egg-info/requires.txt
[0.748s] writing top-level names to ../../build/final_proj/final_proj.egg-info/top_level.txt
[0.751s] reading manifest file '../../build/final_proj/final_proj.egg-info/SOURCES.txt'
[0.751s] writing manifest file '../../build/final_proj/final_proj.egg-info/SOURCES.txt'
[0.751s] running build
[0.752s] running build_py
[0.752s] copying final_proj/nodes/orchestrator.py -> /home/sreshth/ros2_ws/build/final_proj/build/lib/final_proj/nodes
[0.753s] running install
[0.754s] running install_lib
[0.755s] copying /home/sreshth/ros2_ws/build/final_proj/build/lib/final_proj/nodes/orchestrator.py -> /home/sreshth/ros2_ws/install/final_proj/lib/python3.10/site-packages/final_proj/nodes
[0.756s] byte-compiling /home/sreshth/ros2_ws/install/final_proj/lib/python3.10/site-packages/final_proj/nodes/orchestrator.py to orchestrator.cpython-310.pyc
[0.759s] running install_data
[0.759s] running install_egg_info
[0.761s] removing '/home/sreshth/ros2_ws/install/final_proj/lib/python3.10/site-packages/final_proj-0.0.0-py3.10.egg-info' (and everything under it)
[0.761s] Copying ../../build/final_proj/final_proj.egg-info to /home/sreshth/ros2_ws/install/final_proj/lib/python3.10/site-packages/final_proj-0.0.0-py3.10.egg-info
[0.763s] running install_scripts
[0.781s] Installing nav_node script to /home/sreshth/ros2_ws/install/final_proj/lib/final_proj
[0.781s] Installing orchestrator script to /home/sreshth/ros2_ws/install/final_proj/lib/final_proj
[0.782s] writing list of installed files to '/home/sreshth/ros2_ws/build/final_proj/install.log'
[0.802s] Invoked command in '/home/sreshth/ros2_ws/src/final_proj' returned '0': PYTHONPATH=/home/sreshth/ros2_ws/build/final_proj/prefix_override:/usr/lib/python3/dist-packages/colcon_core/task/python/colcon_distutils_commands:/home/sreshth/ros2_ws/install/final_proj/lib/python3.10/site-packages:${PYTHONPATH} /usr/bin/python3 -W ignore:setup.py install is deprecated -W ignore:easy_install command is deprecated setup.py egg_info --egg-base ../../build/final_proj build --build-base /home/sreshth/ros2_ws/build/final_proj/build install --record /home/sreshth/ros2_ws/build/final_proj/install.log --single-version-externally-managed install_data
